
> vite_react_shadcn_ts@0.0.0 build
> vite build

[36mvite v5.4.19 [32mbuilding for production...[36m[39m
transforming...
node.exe : Browserslist: 
browsers data (caniuse-lite) 
is 9 months old. Please run:
No C:\Program 
Files\nodejs\npm.ps1:29 
caractere:3
+   & $NODE_EXE $NPM_CLI_JS 
$args
+   
~~~~~~~~~~~~~~~~~~~~~~~~~~~~~
    + CategoryInfo          : 
    NotSpecified: (Browsersl  
  ist: b...ld. Please run::   
 String) [], RemoteExcepti    
on
    + FullyQualifiedErrorId : 
    NativeCommandError
 
  npx 
update-browserslist-db@latest
  Why you should do it 
regularly: https://github.com/
browserslist/update-db#readme
[32mÔ£ô[39m 48 modules transformed.
[31mx[39m Build failed in 
10.19s
[31merror during build:
[31m[vite:esbuild] Transform 
failed with 2 errors:
C:/Users/Guilu/OneDrive/├ürea 
de Trabalho/COISAS/codigos/ANT
IGRAVITY/PALNOS DE AULA/sage-p
lan-builder/src/services/mockD
ata.ts:139:13: ERROR: The 
symbol "MOCK_USERS" has 
already been declared
C:/Users/Guilu/OneDrive/├ürea 
de Trabalho/COISAS/codigos/ANT
IGRAVITY/PALNOS DE AULA/sage-p
lan-builder/src/services/mockD
ata.ts:470:0: ERROR: Expected 
"]" but found ";"[31m
file: [36mC:/Users/Guilu/OneD
rive/├ürea de Trabalho/COISAS/
codigos/ANTIGRAVITY/PALNOS DE 
AULA/sage-plan-builder/src/ser
vices/mockData.ts:139:13[31m
[33m
[33mThe symbol "MOCK_USERS" 
has already been declared[33m
137|    },
138|  ];
139|  export const 
MOCK_USERS: (User & { senha?: 
string })[] = [
   |               ^
140|    {
141|      id: 'p_100',

[33mExpected "]" but found 
";"[33m
468|      senha: 'sage',
469|    }
470|  ;
   |  ^
471|  
472|  export const 
MOCK_DISCIPLINAS: 
Disciplina[] = [´╗┐
[31m
    at failureErrorWithLog (C:
\Users\Guilu\OneDrive\├ürea 
de Trabalho\COISAS\codigos\ANT
IGRAVITY\PALNOS DE AULA\sage-p
lan-builder\node_modules\esbui
ld\lib\main.js:1472:15)
    at 
C:\Users\Guilu\OneDrive\├ürea 
de Trabalho\COISAS\codigos\ANT
IGRAVITY\PALNOS DE AULA\sage-p
lan-builder\node_modules\esbui
ld\lib\main.js:755:50
    at 
responseCallbacks.<computed> (
C:\Users\Guilu\OneDrive\├ürea 
de Trabalho\COISAS\codigos\ANT
IGRAVITY\PALNOS DE AULA\sage-p
lan-builder\node_modules\esbui
ld\lib\main.js:622:9)
    at handleIncomingPacket (C
:\Users\Guilu\OneDrive\├ürea 
de Trabalho\COISAS\codigos\ANT
IGRAVITY\PALNOS DE AULA\sage-p
lan-builder\node_modules\esbui
ld\lib\main.js:677:12)
    at Socket.readFromStdout (
C:\Users\Guilu\OneDrive\├ürea 
de Trabalho\COISAS\codigos\ANT
IGRAVITY\PALNOS DE AULA\sage-p
lan-builder\node_modules\esbui
ld\lib\main.js:600:7)
    at Socket.emit 
(node:events:518:28)
    at addChunk (node:internal
/streams/readable:561:12)
    at 
readableAddChunkPushByteMode (
node:internal/streams/readable
:512:3)
    at Readable.push (node:int
ernal/streams/readable:392:5)
    at Pipe.onStreamRead (node
:internal/stream_base_commons:
189:23)[39m
